[0m20:06:58.054444 [debug] [MainThread]: Sending event: {'category': 'dbt', 'action': 'invocation', 'label': 'start', 'context': [<snowplow_tracker.self_describing_json.SelfDescribingJson object at 0x75c55c94de20>, <snowplow_tracker.self_describing_json.SelfDescribingJson object at 0x75c55dcea1b0>, <snowplow_tracker.self_describing_json.SelfDescribingJson object at 0x75c55dcebe00>]}


============================== 20:06:58.060062 | eae1af04-d246-4443-88c5-d6b98215a969 ==============================
[0m20:06:58.060062 [info ] [MainThread]: Running with dbt=1.9.0
[0m20:06:58.060478 [debug] [MainThread]: running dbt with arguments {'printer_width': '80', 'indirect_selection': 'eager', 'write_json': 'True', 'log_cache_events': 'False', 'partial_parse': 'True', 'cache_selected_only': 'False', 'profiles_dir': '/root/.dbt', 'fail_fast': 'False', 'debug': 'False', 'log_path': 'logs', 'warn_error': 'None', 'version_check': 'True', 'use_colors': 'True', 'use_experimental_parser': 'False', 'no_print': 'None', 'quiet': 'False', 'empty': 'None', 'log_format': 'default', 'invocation_command': 'dbt init my_project', 'warn_error_options': 'WarnErrorOptions(include=[], exclude=[])', 'static_parser': 'True', 'target_path': 'None', 'introspect': 'True', 'send_anonymous_usage_stats': 'True'}
[0m20:06:58.099647 [warn ] [MainThread]: [ConfigFolderDirectory]: Unable to parse logging event dictionary. Failed to parse dir field: expected string or bytes-like object, got 'PosixPath'.. Dictionary: {'dir': PosixPath('/root/.dbt')}
[0m20:06:58.100314 [info ] [MainThread]: Creating dbt configuration folder at 
[0m20:06:58.102342 [debug] [MainThread]: Starter project path: /usr/local/lib/python3.12/site-packages/dbt/include/starter_project
[0m20:06:58.108315 [info ] [MainThread]: 
Your new dbt project "my_project" was created!

For more information on how to configure the profiles.yml file,
please consult the dbt documentation here:

  https://docs.getdbt.com/docs/configure-your-profile

One more thing:

Need help? Don't hesitate to reach out to us via GitHub issues or on Slack:

  https://community.getdbt.com/

Happy modeling!

[0m20:06:58.108676 [info ] [MainThread]: Setting up your profile.
[0m20:07:51.222299 [info ] [MainThread]: Profile my_project written to /root/.dbt/profiles.yml using target's profile_template.yml and your supplied values. Run 'dbt debug' to validate the connection.
[0m20:07:51.224586 [debug] [MainThread]: Resource report: {"command_name": "init", "command_success": true, "command_wall_clock_time": 53.211536, "process_in_blocks": "8", "process_kernel_time": 0.240499, "process_mem_max_rss": "92748", "process_out_blocks": "1544", "process_user_time": 1.074229}
[0m20:07:51.225269 [debug] [MainThread]: Command `dbt init` succeeded at 20:07:51.225125 after 53.21 seconds
[0m20:07:51.225835 [debug] [MainThread]: Sending event: {'category': 'dbt', 'action': 'invocation', 'label': 'end', 'context': [<snowplow_tracker.self_describing_json.SelfDescribingJson object at 0x75c55c2c6fc0>, <snowplow_tracker.self_describing_json.SelfDescribingJson object at 0x75c55c467080>, <snowplow_tracker.self_describing_json.SelfDescribingJson object at 0x75c55ca51730>]}
[0m20:07:51.226414 [debug] [MainThread]: Flushing usage events
[0m20:07:52.269059 [debug] [MainThread]: An error was encountered while trying to flush usage events
[0m20:09:33.256761 [debug] [MainThread]: Sending event: {'category': 'dbt', 'action': 'invocation', 'label': 'start', 'context': [<snowplow_tracker.self_describing_json.SelfDescribingJson object at 0x7e8de22f1190>, <snowplow_tracker.self_describing_json.SelfDescribingJson object at 0x7e8de17552e0>, <snowplow_tracker.self_describing_json.SelfDescribingJson object at 0x7e8de0da2990>]}


============================== 20:09:33.263892 | aae4470f-bc0b-4b5e-9ee7-8192be6dd83e ==============================
[0m20:09:33.263892 [info ] [MainThread]: Running with dbt=1.9.0
[0m20:09:33.264362 [debug] [MainThread]: running dbt with arguments {'printer_width': '80', 'indirect_selection': 'eager', 'write_json': 'True', 'log_cache_events': 'False', 'partial_parse': 'True', 'cache_selected_only': 'False', 'profiles_dir': '/root/.dbt', 'version_check': 'True', 'fail_fast': 'False', 'log_path': 'logs', 'warn_error': 'None', 'debug': 'False', 'use_colors': 'True', 'use_experimental_parser': 'False', 'empty': 'None', 'quiet': 'False', 'no_print': 'None', 'log_format': 'default', 'introspect': 'True', 'static_parser': 'True', 'warn_error_options': 'WarnErrorOptions(include=[], exclude=[])', 'target_path': 'None', 'invocation_command': 'dbt debug', 'send_anonymous_usage_stats': 'True'}
[0m20:09:33.305417 [info ] [MainThread]: dbt version: 1.9.0
[0m20:09:33.305790 [info ] [MainThread]: python version: 3.12.4
[0m20:09:33.306101 [info ] [MainThread]: python path: /usr/local/bin/python
[0m20:09:33.306415 [info ] [MainThread]: os info: Linux-6.6.114.1-microsoft-standard-WSL2-x86_64-with-glibc2.31
[0m20:09:33.306768 [info ] [MainThread]: Using profiles dir at /root/.dbt
[0m20:09:33.307016 [info ] [MainThread]: Using profiles.yml file at /root/.dbt/profiles.yml
[0m20:09:33.307279 [info ] [MainThread]: Using dbt_project.yml file at /usr/app/dbt_project.yml
[0m20:09:33.307608 [info ] [MainThread]: Configuration:
[0m20:09:33.307856 [info ] [MainThread]:   profiles.yml file [[31mERROR not found[0m]
[0m20:09:33.308169 [info ] [MainThread]:   dbt_project.yml file [[31mERROR not found[0m]
[0m20:09:33.308436 [info ] [MainThread]: Required dependencies:
[0m20:09:33.308750 [debug] [MainThread]: Executing "git --help"
[0m20:09:33.310953 [debug] [MainThread]: STDOUT: "b"usage: git [--version] [--help] [-C <path>] [-c <name>=<value>]\n           [--exec-path[=<path>]] [--html-path] [--man-path] [--info-path]\n           [-p | --paginate | -P | --no-pager] [--no-replace-objects] [--bare]\n           [--git-dir=<path>] [--work-tree=<path>] [--namespace=<name>]\n           <command> [<args>]\n\nThese are common Git commands used in various situations:\n\nstart a working area (see also: git help tutorial)\n   clone             Clone a repository into a new directory\n   init              Create an empty Git repository or reinitialize an existing one\n\nwork on the current change (see also: git help everyday)\n   add               Add file contents to the index\n   mv                Move or rename a file, a directory, or a symlink\n   restore           Restore working tree files\n   rm                Remove files from the working tree and from the index\n   sparse-checkout   Initialize and modify the sparse-checkout\n\nexamine the history and state (see also: git help revisions)\n   bisect            Use binary search to find the commit that introduced a bug\n   diff              Show changes between commits, commit and working tree, etc\n   grep              Print lines matching a pattern\n   log               Show commit logs\n   show              Show various types of objects\n   status            Show the working tree status\n\ngrow, mark and tweak your common history\n   branch            List, create, or delete branches\n   commit            Record changes to the repository\n   merge             Join two or more development histories together\n   rebase            Reapply commits on top of another base tip\n   reset             Reset current HEAD to the specified state\n   switch            Switch branches\n   tag               Create, list, delete or verify a tag object signed with GPG\n\ncollaborate (see also: git help workflows)\n   fetch             Download objects and refs from another repository\n   pull              Fetch from and integrate with another repository or a local branch\n   push              Update remote refs along with associated objects\n\n'git help -a' and 'git help -g' list available subcommands and some\nconcept guides. See 'git help <command>' or 'git help <concept>'\nto read about a specific subcommand or concept.\nSee 'git help git' for an overview of the system.\n""
[0m20:09:33.311248 [debug] [MainThread]: STDERR: "b''"
[0m20:09:33.311462 [info ] [MainThread]:  - git [[32mOK found[0m]

[0m20:09:33.311694 [info ] [MainThread]: Connection test skipped since no profile was found
[0m20:09:33.312001 [info ] [MainThread]: [31m2 checks failed:[0m
[0m20:09:33.312295 [info ] [MainThread]: dbt looked for a profiles.yml file in /root/.dbt/profiles.yml, but did
not find one. For more information on configuring your profile, consult the
documentation:

https://docs.getdbt.com/docs/configure-your-profile


[0m20:09:33.312561 [info ] [MainThread]: Project loading failed for the following reason:
 project path </usr/app/dbt_project.yml> not found

[0m20:09:33.313630 [debug] [MainThread]: Resource report: {"command_name": "debug", "command_success": false, "command_wall_clock_time": 0.095942445, "process_in_blocks": "256", "process_kernel_time": 0.265326, "process_mem_max_rss": "87592", "process_out_blocks": "1488", "process_user_time": 1.025664}
[0m20:09:33.314006 [debug] [MainThread]: Command `dbt debug` failed at 20:09:33.313926 after 0.10 seconds
[0m20:09:33.314295 [debug] [MainThread]: Sending event: {'category': 'dbt', 'action': 'invocation', 'label': 'end', 'context': [<snowplow_tracker.self_describing_json.SelfDescribingJson object at 0x7e8de0e9e270>, <snowplow_tracker.self_describing_json.SelfDescribingJson object at 0x7e8de042e600>, <snowplow_tracker.self_describing_json.SelfDescribingJson object at 0x7e8de042f8f0>]}
[0m20:09:33.314599 [debug] [MainThread]: Flushing usage events
[0m20:09:34.304400 [debug] [MainThread]: An error was encountered while trying to flush usage events
